 ERGO VIEW  product-roadmap                                                                            1 Overview  2 Board  3 Dependencies
 2 ready  1 doing  1 blocked  3 waiting
╭──────────────────────────────────────────────────────────────────────────────────────────────────────────────────────────────────────────╮
│ DEPENDENCY FLOW                                                                                              depth adaptive  ·  10 shown │
│                                                                                                                                          │
│                                                                                                                                          │
│                                                                                                                                          │
│ ╭✓ Build board and depen…╮                                                                                                               │
│ │ DVIEW1 DONE            │────╮                                                                                                          │
│ ╰────────────────────────╯    │                                                                                                          │
│                               │                                                                                                          │
│ ╭◆ Graph foundations ────╮    │                                                                                                          │
│ │ CORE01 ▰▰▰▰ 1/1        │────┤                                                                                                          │
│ ╰────────────────────────╯    │┏◐ Add task editing work…┓     ╭· Write install and key…╮                                                 │
│                               ▶┃ DEDIT1 DOING           ┃────▶│ RDOCS1 WAITING         │────╮                                            │
│ ╭○ Polish light and dark…╮    │┗━━━━━━━━━━━━━━━━━━━━━━━━┛    │╰────────────────────────╯    │╭· Publish the first pub…╮                  │
│ │ RTHEME READY           │────┼──────────────────────────────┼──────────────────────────────▶│ LAUNCH WAITING         │                  │
│ ╰────────────────────────╯    │╭○ Package ev.exe for Wi…╮    │╭· Review editing flow w…╮    │╰────────────────────────╯                  │
│                               ▶│ DWIN01 READY           │    ▶│ TREVW1 WAITING         │────┤                                            │
│ ╭! Configure release sig…╮    │╰────────────────────────╯     ╰────────────────────────╯    │                                            │
│ │ RSIGN1 BLOCKED         │────┼─────────────────────────────────────────────────────────────╯                                            │
│ ╰────────────────────────╯    │                                                                                                          │
│                               │                                                                                                          │
│ ╭✓ Load Ergo repositories╮    │                                                                                                          │
│ │ DLOAD1 DONE            │────╯                                                                                                          │
│ ╰────────────────────────╯                                                                                                               │
│                                                                                                                                          │
│                                                                                                                                          │
│                                                                                                                                          │
│                                                                                                                                          │
╰──────────────────────────────────────────────────────────────────────────────────────────────────────────────────────────────────────────╯
 h/j/k/l node  ·  enter focus  ·  esc back  ·  d depth  ·  / search  ·  a actions  ·  c copy ID  ·  ? help  ·  1/2/3 views  ·  q quit
