 ERGO VIEW  product-roadmap                                    1 Overview  2 Board  3 Dependencies
 2 ready  1 doing  1 blocked  3 waiting
╭──────────────────────────────────────────────────────────────────────────────────────────────────╮
│ DEPENDENCY FLOW                               adaptive  ·  left → right  ·  4 shown  ·  6 hidden │
│                                                                                                  │
│                                                                                                  │
│                                                                                                  │
│                                                                                                  │
│                                                                                                  │
│                                                                                                  │
│ ╭✓ Load Ergo repositor…╮                                                                         │
│ │ DLOAD1 DONE ◇DESK01  │────┬────────────────────────────╮                                       │
│ ╰──────────────────────╯    │                            │                                       │
│                             │                            │                                       │
│ ╭✓ Build board and dep…╮    │┏◐ Add task editing wo…┓    │╭… +6 DOWNSTREAM┄┄┄┄┄┄┄╮               │
│ │ DVIEW1 DONE ◇DESK01  │────▶┃ DEDIT1 DOING ◇DESK01 ┃────▶┆ more context         ┆               │
│ ╰──────────────────────╯    │┗━━━━━━━━━━━━━━━━━━━━━━┛     ╰┄┄┄┄┄┄┄┄┄┄┄┄┄┄┄┄┄┄┄┄┄┄╯               │
│                             │                                                                    │
│ ╔◆ Graph foundations═══╗    │                                                                    │
│ ║ CORE01 EPIC 1/1      ║────╯                                                                    │
│ ╚══════════════════════╝                                                                         │
│                                                                                                  │
│                                                                                                  │
│                                                                                                  │
│                                                                                                  │
│                                                                                                  │
│                                                                                                  │
│                                                                                                  │
╰──────────────────────────────────────────────────────────────────────────────────────────────────╯
 h/j/k/l node  ·  enter focus  ·  esc back  ·  d depth  ·  a actions  ·  ? help  ·  / search  ·  1/
