 ERGO VIEW  product-roadmap                                                                            1 Overview  2 Board  3 Dependencies
 2 ready  1 doing  1 blocked  3 waiting
╭──────────────────────────────────────────────────────────────────────────────────────────────────────────────────────────────────────────╮
│ PREREQUISITES                                 SELECTED                                    UNLOCKS                                        │
│  ✓ Load Ergo repositories  DONE  DLOAD1                                                    · Write install and keyboard guide  WAITING…  │
│  ✓ Build board and dependency views  DONE  …  ◐ Add task editing workflows  DOING  DEDIT1  · Review editing flow with the team  WAITIN…  │
│                                                                                                                                          │
│                                              2 prerequisite · 2 dependent                                                                │
│                                                                                                                                          │
│                                                                                                                                          │
│                                                                                                                                          │
│                                                                                                                                          │
│                                                                                                                                          │
│                                                                                                                                          │
│                                                                                                                                          │
│                                                                                                                                          │
│                                                                                                                                          │
│                                                                                                                                          │
│                                                                                                                                          │
│                                                                                                                                          │
│                                                                                                                                          │
│                                                                                                                                          │
│                                                                                                                                          │
│                                                                                                                                          │
│                                                                                                                                          │
│                                                                                                                                          │
│                                                                                                                                          │
│                                                                                                                                          │
│                                                                                                                                          │
│                                                                                                                                          │
╰──────────────────────────────────────────────────────────────────────────────────────────────────────────────────────────────────────────╯
 j/k move  ·  a actions  ·  n/p new  ·  1/2/3 views  ·  / search  ·  f filter  ·  e epic  ·  x clear  ·  ? help  ·  q quit
